09-23 06:23:09.762  1631  1895 I ActivityManager: Force stopping com.ventacuba.highapp.venta_cuba appid=10718 user=0: from pid 27045
09-23 06:23:09.769  1631  1672 W BroadcastQueue: Background execution not allowed: receiving Intent { act=android.intent.action.PACKAGE_RESTARTED dat=package:com.ventacuba.highapp.venta_cuba flg=0x10 (has extras) } to com.transsion.ossettingsext/.flash.applist.MonitorSysReceiver
09-23 06:23:09.778  1972  1972 D NotificationListener: onNotificationRemoved: StatusBarNotification(pkg=com.ventacuba.highapp.venta_cuba user=UserHandle{0} id=0 tag=null key=0|com.ventacuba.highapp.venta_cuba|0|null|10718: Notification(channel=venta_cuba_service shortcut=null contentView=null vibrate=null sound=null defaults=0x0 flags=0xa color=0x00000000 vis=PRIVATE)) reason: 5
09-23 06:23:09.785  3396  3890 D os.notification: onNotifyRemoved StatusBarNotification:StatusBarNotification(pkg=com.ventacuba.highapp.venta_cuba user=UserHandle{0} id=0 tag=null key=0|com.ventacuba.highapp.venta_cuba|0|null|10718: Notification(channel=venta_cuba_service shortcut=null contentView=null vibrate=null sound=null defaults=0x0 flags=0xa color=0x00000000 vis=PRIVATE)) NotificationStats:NotificationStats{mSeen=true, mExpanded=false, mDirectReplied=false, mSnoozed=false, mViewedSettings=false, mInteracted=false, mDismissalSurface=0} reason:5
09-23 06:23:09.800  1972  2055 D PeopleSpaceWidgetMgr: Sbn doesn't contain valid PeopleTileKey: null/0/com.ventacuba.highapp.venta_cuba
09-23 06:25:37.765  1631  1895 I ActivityManager: Force stopping com.ventacuba.highapp.venta_cuba appid=10718 user=0: from pid 27296
09-23 06:25:37.772  1631  1672 W BroadcastQueue: Background execution not allowed: receiving Intent { act=android.intent.action.PACKAGE_RESTARTED dat=package:com.ventacuba.highapp.venta_cuba flg=0x10 (has extras) } to com.transsion.ossettingsext/.flash.applist.MonitorSysReceiver
09-23 06:25:40.564  8977  8977 I Finsky  : [2] VerifyApps: Install-time verification requested for package com.ventacuba.highapp.venta_cuba, PackageManager id = 44, Verifier id = 3a0dedd6-c47b-4735-92b6-323e87ef9946
09-23 06:25:40.766  8977 27323 I Finsky  : [466] VerifyApps: Anti-malware verification task started for package=com.ventacuba.highapp.venta_cuba
09-23 06:25:41.086  8977  9021 I Finsky  : [190] VerifyApps: Starting APK Analysis scan for com.ventacuba.highapp.venta_cuba.
09-23 06:25:41.086  8977  9021 I Finsky  : [190] Scanning package com.ventacuba.highapp.venta_cuba contents with client side protections. File: [UQxoEEIvMEPGMZPd7kB3vY7K_mOpfaryp0lMxIOyJos]
09-23 06:25:41.087  8977  9021 I Finsky  : [190] VerifyApps: APK Analysis scan finished for com.ventacuba.highapp.venta_cuba. Verdict: SAFE
09-23 06:25:41.596  8977 27329 I Finsky  : [469] VerifyApps: Verification package=com.ventacuba.highapp.venta_cuba, id=44, response=0, upload_requested=false, enable_ecm=false
09-23 06:25:41.598  8977 27329 I Finsky  : [469] VerifyApps: PAM result saving to datastore delayed for package: com.ventacuba.highapp.venta_cuba
09-23 06:25:41.603  8977 27323 I Finsky  : [466] VerifyApps: Starting required split types check for com.ventacuba.highapp.venta_cuba.
09-23 06:25:41.610  8977 27323 I Finsky  : [466] VerifyApps: Required split types check successful for com.ventacuba.highapp.venta_cuba.
09-23 06:25:41.620  8977 27323 I Finsky  : [466] VerifyApps V31SignatureVerification: Successful verification for the package: com.ventacuba.highapp.venta_cuba using APK Signature Scheme v3
09-23 06:25:41.623  8977  8977 I Finsky  : [2] VerifyApps: Install-time verification complete: id=44, package_name=com.ventacuba.highapp.venta_cuba
09-23 06:25:41.647  1631  1672 I ActivityManager: Force stopping com.ventacuba.highapp.venta_cuba appid=10718 user=-1: installPackageLI
09-23 06:25:41.649  1631  1718 I PackageManager: Update package com.ventacuba.highapp.venta_cuba code path from /data/app/~~cFsI3kpHGFdXTBge9JFyAA==/com.ventacuba.highapp.venta_cuba-OxzqObR7k0lLHuTBapALqQ== to /data/app/~~jbZHL7yBJFzIvNJ2rrjgSg==/com.ventacuba.highapp.venta_cuba-EhgVEff8Ft5cWRhVResk6g==; Retain data and using new
09-23 06:25:41.798  1631  1718 I ActivityManager: Force stopping com.ventacuba.highapp.venta_cuba appid=10718 user=0: pkg removed
09-23 06:25:41.810  4684  4684 I SmartPanel_TouchView: PackageReceiver received pkgName = com.ventacuba.highapp.venta_cuba, action = android.intent.action.PACKAGE_REMOVED
09-23 06:25:41.823  1631  1672 W BroadcastQueue: Background execution not allowed: receiving Intent { act=android.intent.action.PACKAGE_REMOVED dat=package:com.ventacuba.highapp.venta_cuba flg=0x4000010 (has extras) } to com.transsion.ossettingsext/.flash.applist.MonitorSysReceiver
09-23 06:25:41.823  1631  1672 W BroadcastQueue: Background execution not allowed: receiving Intent { act=android.intent.action.PACKAGE_REMOVED dat=package:com.ventacuba.highapp.venta_cuba flg=0x4000010 (has extras) } to com.android.vending/com.google.android.finsky.packagemonitor.impl.PackageMonitorReceiverImpl$RegisteredReceiver
09-23 06:25:41.823  1631  1672 W BroadcastQueue: Background execution not allowed: receiving Intent { act=android.intent.action.PACKAGE_REMOVED dat=package:com.ventacuba.highapp.venta_cuba flg=0x4000010 (has extras) } to com.android.vending/com.google.android.finsky.packagemonitor.backgroundimpl.BackgroundPackageMonitorReceiverImpl$RegisteredReceiver
09-23 06:25:41.844  1631  1672 W BroadcastQueue: Background execution not allowed: receiving Intent { act=android.intent.action.PACKAGE_REMOVED dat=package:com.ventacuba.highapp.venta_cuba flg=0x4000010 (has extras) } to com.android.vending/com.google.android.finsky.instantapps.appmanagement.InstantAppRemoveMonitor
09-23 06:25:41.844  1631  1672 W BroadcastQueue: Background execution not allowed: receiving Intent { act=android.intent.action.PACKAGE_REMOVED dat=package:com.ventacuba.highapp.venta_cuba flg=0x4000010 (has extras) } to com.google.android.gms/.chimera.GmsIntentOperationService$PersistentTrustedReceiver
09-23 06:25:41.844  1631  1672 W BroadcastQueue: Background execution not allowed: receiving Intent { act=android.intent.action.PACKAGE_REMOVED dat=package:com.ventacuba.highapp.venta_cuba flg=0x4000010 (has extras) } to com.google.android.gms/.games.chimera.GamesSystemBroadcastReceiverProxy
09-23 06:25:41.845  1631  1672 W BroadcastQueue: Background execution not allowed: receiving Intent { act=android.intent.action.PACKAGE_REMOVED dat=package:com.ventacuba.highapp.venta_cuba flg=0x4000010 (has extras) } to com.talpa.share/com.transsion.autoinstalllibrary.silentInstall.InstallReceiver
09-23 06:25:41.845  8977  8977 I Finsky  : [2] AIM: AppInfoCacheUpdater -> invalidating apps: [com.ventacuba.highapp.venta_cuba]
09-23 06:25:41.848  8977  9012 I Finsky  : [186] AIM: AppInfoManager-Perf > OnDeviceAppInfo > cacheHitCount=0, cacheMissCount=1. Missed  in cache (limit 10) : [com.ventacuba.highapp.venta_cuba]
09-23 06:25:41.880  3396  3396 I Hoffnung: Universal onReceive: Intent { act=android.intent.action.PACKAGE_ADDED dat=package:com.ventacuba.highapp.venta_cuba flg=0x4000010 (has extras) }
09-23 06:25:41.881  3396  3396 I Hoffnung: LocalBroadcastManager onReceive Intent { act=android.intent.action.PACKAGE_ADDED dat=package:com.ventacuba.highapp.venta_cuba flg=0x4000010 (has extras) }
09-23 06:25:41.884  1631  1672 W BroadcastQueue: Background execution not allowed: receiving Intent { act=android.intent.action.PACKAGE_ADDED dat=package:com.ventacuba.highapp.venta_cuba flg=0x4000010 (has extras) } to com.transsion.ossettingsext/.flash.applist.MonitorSysReceiver
09-23 06:25:41.886  4684  4684 I SmartPanel_TouchView: PackageReceiver received pkgName = com.ventacuba.highapp.venta_cuba, action = android.intent.action.PACKAGE_ADDED
09-23 06:25:41.895  1631  1672 W BroadcastQueue: Background execution not allowed: receiving Intent { act=android.intent.action.PACKAGE_ADDED dat=package:com.ventacuba.highapp.venta_cuba flg=0x4000010 (has extras) } to com.google.android.packageinstaller/com.android.packageinstaller.PackageInstalledReceiver
09-23 06:25:41.900  1631  1631 D Griffin/StateProvider: Package removed: android.intent.action.PACKAGE_REMOVED, pkg = com.ventacuba.highapp.venta_cuba
09-23 06:25:41.902  1631  1631 I Telecom : CarModeTracker: Package com.ventacuba.highapp.venta_cuba is not tracked.: SSH.oR@Zr4
09-23 06:25:41.929  1631  1631 D Griffin/StateProvider: Package added: android.intent.action.PACKAGE_ADDED, pkg = com.ventacuba.highapp.venta_cuba
09-23 06:25:41.931  4684  4684 I SmartPanel_TouchView: PackageReceiver received pkgName = com.ventacuba.highapp.venta_cuba, action = android.intent.action.PACKAGE_REPLACED
09-23 06:25:41.931  4684  4684 I SmartPanel_TouchView: package replaced pkgName = com.ventacuba.highapp.venta_cuba
09-23 06:25:41.933  3396  3396 I NotiCenterReceiver: onReceive: add pkg = com.ventacuba.highapp.venta_cuba to allowed list
09-23 06:25:41.936  3396  3396 I Hoffnung: Universal onReceive: Intent { act=android.intent.action.PACKAGE_REPLACED dat=package:com.ventacuba.highapp.venta_cuba flg=0x4000010 (has extras) }
09-23 06:25:41.938  3396  3396 I NotiCenterReceiver: onReceive: replace pkg = com.ventacuba.highapp.venta_cuba
09-23 06:25:41.948  1631  1672 W BroadcastQueue: Background execution not allowed: receiving Intent { act=android.intent.action.PACKAGE_ADDED dat=package:com.ventacuba.highapp.venta_cuba flg=0x4000010 (has extras) } to com.android.vending/com.google.android.finsky.packagemonitor.impl.PackageMonitorReceiverImpl$RegisteredReceiver
09-23 06:25:41.989  1631  1672 W BroadcastQueue: Background execution not allowed: receiving Intent { act=android.intent.action.PACKAGE_ADDED dat=package:com.ventacuba.highapp.venta_cuba flg=0x4000010 (has extras) } to com.android.vending/com.google.android.finsky.packagemonitor.backgroundimpl.BackgroundPackageMonitorReceiverImpl$RegisteredReceiver
09-23 06:25:41.989  1631  1672 W BroadcastQueue: Background execution not allowed: receiving Intent { act=android.intent.action.PACKAGE_ADDED dat=package:com.ventacuba.highapp.venta_cuba flg=0x4000010 (has extras) } to com.google.android.apps.nbu.files/.documentbrowser.browselanding.rootcontainerlist.receiver.PackageChangeReceiver_Receiver
09-23 06:25:41.989  1631  1672 W BroadcastQueue: Background execution not allowed: receiving Intent { act=android.intent.action.PACKAGE_ADDED dat=package:com.ventacuba.highapp.venta_cuba flg=0x4000010 (has extras) } to com.google.android.ext.services/com.android.adservices.service.common.PackageChangedReceiver
09-23 06:25:42.009  8977  8977 I Finsky  : [2] AIM: AppInfoCacheUpdater -> invalidating apps: [com.ventacuba.highapp.venta_cuba]
09-23 06:25:42.014  4684  4684 I SmartPanel_SmartPanelPresenter: doCheckAndAddAppOrShortcut pkgName = com.ventacuba.highapp.venta_cuba, packageChange = true
09-23 06:25:42.016  8977  9025 I Finsky  : [193] AIM: AppInfoManager-Perf > OnDeviceAppInfo > cacheHitCount=0, cacheMissCount=1. Missed  in cache (limit 10) : [com.ventacuba.highapp.venta_cuba]
09-23 06:25:42.039  1631  1672 W BroadcastQueue: Background execution not allowed: receiving Intent { act=android.intent.action.PACKAGE_ADDED dat=package:com.ventacuba.highapp.venta_cuba flg=0x4000010 (has extras) } to com.google.android.gms/.chimera.GmsIntentOperationService$PersistentTrustedReceiver
09-23 06:25:42.047 22403 23663 D RemoteService: onReceive: Intent { act=android.intent.action.PACKAGE_ADDED dat=package:com.ventacuba.highapp.venta_cuba flg=0x4000010 (has extras) }
09-23 06:25:42.048 22403 23663 D RemoteService: onReceive: Intent { act=android.intent.action.PACKAGE_REPLACED dat=package:com.ventacuba.highapp.venta_cuba flg=0x4000010 (has extras) }
09-23 06:25:42.049 22403 22403 D os_lock_noti_receive: onReceive: action = android.intent.action.PACKAGE_ADDED, pkg = com.ventacuba.highapp.venta_cubalockPopSwitch = true, lockNotifySwitch = true
09-23 06:25:42.055 22403 22403 I os_lock_noti_receive: onReceive: add pkg = com.ventacuba.highapp.venta_cuba to allowed list
09-23 06:25:42.056 22403 22403 D os_lock_pop_receive: actionAdded: pkg = com.ventacuba.highapp.venta_cuba, inPopAppDb = false, inPopBlockDb = false, inPopNotipDb = false, inPopFilterDb = false, no do!!!
09-23 06:25:42.056 22403 22403 D os_lock_noti_receive: onReceive: action = android.intent.action.PACKAGE_REPLACED, pkg = com.ventacuba.highapp.venta_cubalockPopSwitch = true, lockNotifySwitch = true
09-23 06:25:42.056 22403 22403 I os_lock_noti_receive: onReceive: replace pkg = com.ventacuba.highapp.venta_cuba, isInAllowDb = true
09-23 06:25:42.063  1631  1672 W BroadcastQueue: Background execution not allowed: receiving Intent { act=android.intent.action.PACKAGE_ADDED dat=package:com.ventacuba.highapp.venta_cuba flg=0x4000010 (has extras) } to com.google.android.gms/.games.chimera.GamesSystemBroadcastReceiverProxy
09-23 06:25:42.083  1631  1672 W BroadcastQueue: Background execution not allowed: receiving Intent { act=android.intent.action.PACKAGE_ADDED dat=package:com.ventacuba.highapp.venta_cuba flg=0x4000010 (has extras) } to com.google.android.gms/.gass.chimera.PackageChangeBroadcastReceiver
09-23 06:25:42.085  1631  1672 W BroadcastQueue: Background execution not allowed: receiving Intent { act=android.intent.action.PACKAGE_ADDED dat=package:com.ventacuba.highapp.venta_cuba flg=0x4000010 (has extras) } to com.talpa.share/com.transsion.autoinstalllibrary.silentInstall.InstallReceiver
09-23 06:25:42.182  1631  3449 I ActivityTaskManager: START u0 {act=android.intent.action.MAIN cat=[android.intent.category.LAUNCHER] flg=0x30000000 cmp=com.ventacuba.highapp.venta_cuba/.MainActivity (has extras)} from uid 2000
09-23 06:25:42.187  1631  1712 E VerityUtils: Failed to measure fs-verity, errno 1: /data/app/~~jbZHL7yBJFzIvNJ2rrjgSg==/com.ventacuba.highapp.venta_cuba-EhgVEff8Ft5cWRhVResk6g==/base.apk
09-23 06:25:42.243  1631  3449 I PowerHalWrapper: <amsBoostResume> last:com.transsion.XOSLauncher.upgrade, next:com.ventacuba.highapp.venta_cuba 
09-23 06:25:42.258  2236  2236 D ImsResolver: maybeAddedImsService, packageName: com.ventacuba.highapp.venta_cuba
09-23 06:25:42.272  1972  2051 D ViewRootImpl[venta_cuba]: hardware acceleration = true, sRendererEnabled = true, forceHwAccelerated = false
09-23 06:25:42.282 25179 27342 W SQLiteLog: (28) double-quoted string literal: "com.ventacuba.highapp.venta_cuba"
09-23 06:25:42.332  1631  3449 D os.FreeformLice: handleStartActivityResult Task{6d53254 #1368 type=standard A=10718:com.ventacuba.highapp.venta_cuba U=0 visible=true mode=fullscreen translucent=true sz=1} null 0
09-23 06:25:42.333  4684 17787 I SmartPanel_SmartPanelService: activityCheck pkgName: com.ventacuba.highapp.venta_cuba, className: com.ventacuba.highapp.venta_cuba.MainActivity isResume=false isInshow =true isDrawn = false
09-23 06:25:42.338  4684 17787 D SmartPanelService: recentPkgList: [com.ventacuba.highapp.venta_cuba, com.google.android.gms, com.google.android.permissioncontroller, com.android.settings, com.sh.smart.caller]
09-23 06:25:42.346  4684 17787 D Game_Utils: mode = 1 clsname = com.ventacuba.highapp.venta_cuba.MainActivity
09-23 06:25:42.351  1631  1658 D CompanionDeviceManagerService: onPackageModified(packageName = com.ventacuba.highapp.venta_cuba)
09-23 06:25:42.353  4684 17787 D Game_Utils: isTheMainScreen, displayId: 0  classname = com.ventacuba.highapp.venta_cuba.MainActivity
09-23 06:25:42.372  1631  1661 I PowerHalWrapper: amsBoostProcessCreate package:com.ventacuba.highapp.venta_cuba 
09-23 06:25:42.372  1631  1661 D SBE-LaunchIdentify: SBE boost:com.ventacuba.highapp.venta_cuba begin
09-23 06:25:42.381  1631  1669 D DexOptExtImpl: com.ventacuba.highapp.venta_cuba reason is 1 abi is arm64-v8a
09-23 06:25:42.381  1631  3096 I ActivityTaskManager: fingerprint pre wakeup scheduled,visible activity= ActivityRecord{90a3621 u0 com.ventacuba.highapp.venta_cuba/.MainActivity t1368}
09-23 06:25:42.386  1631  3096 I PowerHalWrapper: amsBoostNotify pid:2239,activity:com.android.quickstep.recents_ui_overrides.src.com.android.launcher3.uioverrides.QuickstepLauncher, package:com.transsion.XOSLauncher.upgrade, mProcessCreatePackcom.ventacuba.highapp.venta_cuba 
09-23 06:25:42.397  1631  1799 I ActivityTaskManager: fingerprint pre wakeup scheduled,visible activity= ActivityRecord{90a3621 u0 com.ventacuba.highapp.venta_cuba/.MainActivity t1368}
09-23 06:25:42.411  4684 17787 D Game_Utils: isTheMainScreen, displayId: 0  classname = com.ventacuba.highapp.venta_cuba.MainActivity
09-23 06:25:42.411  4684 17787 D Game_Utils: getTopPackageNameNew pkm = com.ventacuba.highapp.venta_cuba
09-23 06:25:42.417  1631  1673 I ActivityManager: Start proc 27413:com.ventacuba.highapp.venta_cuba/u0a718 for pre-top-activity {com.ventacuba.highapp.venta_cuba/com.ventacuba.highapp.venta_cuba.MainActivity}
09-23 06:25:42.425 27413 27413 W main    : type=1400 audit(0.0:353653): avc: denied { read } for name="u:object_r:vendor_memfusion_size_prop:s0" dev="tmpfs" ino=8666 scontext=u:r:untrusted_app:s0:c206,c258,c512,c768 tcontext=u:object_r:vendor_memfusion_size_prop:s0 tclass=file permissive=0 app=com.ventacuba.highapp.venta_cuba
09-23 06:25:42.425 27413 27413 W main    : type=1400 audit(0.0:353654): avc: denied { read } for name="u:object_r:vendor_memfusion_state_prop:s0" dev="tmpfs" ino=8667 scontext=u:r:untrusted_app:s0:c206,c258,c512,c768 tcontext=u:object_r:vendor_memfusion_state_prop:s0 tclass=file permissive=0 app=com.ventacuba.highapp.venta_cuba
09-23 06:25:42.429 27413 27413 W main    : type=1400 audit(0.0:353655): avc: denied { read } for name="u:object_r:vendor_uxcompaction_enable_prop:s0" dev="tmpfs" ino=8896 scontext=u:r:untrusted_app:s0:c206,c258,c512,c768 tcontext=u:object_r:vendor_uxcompaction_enable_prop:s0 tclass=file permissive=0 app=com.ventacuba.highapp.venta_cuba
09-23 06:25:42.458  4684 17787 D Game_Utils: mode = 1 clsname = com.ventacuba.highapp.venta_cuba.MainActivity
09-23 06:25:42.460  4684 17787 D Game_Utils: isTheMainScreen, displayId: 0  classname = com.ventacuba.highapp.venta_cuba.MainActivity
09-23 06:25:42.460  4684 17787 D SmartPanelService: handlerActivityStart isResume = false  mPCIsResume = false  pkgName = com.ventacuba.highapp.venta_cuba
09-23 06:25:42.467  4684 17787 D Game_Utils: mode = 1 clsname = com.ventacuba.highapp.venta_cuba.MainActivity
09-23 06:25:42.470  4684 17787 D Game_Utils: isTheMainScreen, displayId: 0  classname = com.ventacuba.highapp.venta_cuba.MainActivity
09-23 06:25:42.470  4684 17787 D SmartPanelService: handlerVideoStart isResume = false  VIDEO_PACKAGE =   pkgName = com.ventacuba.highapp.venta_cuba
09-23 06:25:42.498  1631  3469 D os.ActivityManagerServiceLice: make process active com.ventacuba.highapp.venta_cuba(27413)
09-23 06:25:42.499  1631  3469 I ActivityTaskManager: fingerprint pre wakeup scheduled,visible activity= ActivityRecord{90a3621 u0 com.ventacuba.highapp.venta_cuba/.MainActivity t1368}
09-23 06:25:42.500  1631  3469 I ActivityTaskManager: fingerprint pre wakeup scheduled,visible activity= ActivityRecord{90a3621 u0 com.ventacuba.highapp.venta_cuba/.MainActivity t1368}
09-23 06:25:42.500  1631  3469 D os.fingerprint: onRealStartActivityLocked next:ActivityRecord{90a3621 u0 com.ventacuba.highapp.venta_cuba/.MainActivity t1368} isKeyguardShowing:false
09-23 06:25:42.501  1631  3469 D os.fingerprint: checkActivityRecord activityComponent = ComponentInfo{com.ventacuba.highapp.venta_cuba/com.ventacuba.highapp.venta_cuba.MainActivity}
09-23 06:25:42.501  1631  3469 I PowerHalWrapper: amsBoostNotify pid:27413,activity:com.ventacuba.highapp.venta_cuba.MainActivity, package:com.ventacuba.highapp.venta_cuba, mProcessCreatePackcom.ventacuba.highapp.venta_cuba 
09-23 06:25:42.501  4684 17787 I SmartPanel_SmartPanelService: activityCheck pkgName: com.ventacuba.highapp.venta_cuba, className: com.ventacuba.highapp.venta_cuba.MainActivity isResume=false isInshow =true isDrawn = false
09-23 06:25:42.501  1960  2202 D os.agency: event begin: 120003 com.transsion.lice.RealStartActivityLockedParcel{activityRecord: com.transsion.lice.summons.ActivityRecordParcel{mHashCode: 151664161, mUserId: 0, packageName: com.ventacuba.highapp.venta_cuba, mActivityComponent: com.transsion.lice.summons.ComponentNameParcel{mPackage: com.ventacuba.highapp.venta_cuba, mClass: com.ventacuba.highapp.venta_cuba.MainActivity}, pid: 27413, uid: 10718, launchedFromPid: 27378, launchedFromUid: 2000, launchedFromPackage: com.android.shell, launchedFromFeatureId: null, intent: com.transsion.lice.summons.IntentParcel{mAction: android.intent.action.MAIN, mData: null, mType: null, mIdentifier: null, mPackage: null, mComponent: com.transsion.lice.summons.ComponentNameParcel{mPackage: com.ventacuba.highapp.venta_cuba, mClass: com.ventacuba.highapp.venta_cuba.MainActivity}, mFlags: 805306368, mCategories: [android.intent.category.LAUNCHER]}, windowFlags: 16777216, mState: 0, taskId: 1368, mDrawn: false, displayId: 0}, isKeyguardShowing: false}
09-23 06:25:42.502   940  1039 I libPowerHal: [perfNotifyAppState] pack:com.ventacuba.highapp.venta_cuba, act:com.ventacuba.highapp.venta_cuba.MainActivity, state:1, pid:27413, uid:10718, fps:-1
09-23 06:25:42.502   940  1039 I libPowerHal: [perfNotifyAppState] foreground:com.ventacuba.highapp.venta_cuba, pid:27413, uid:10718
09-23 06:25:42.503  1631  3469 I ActivityTaskManager: fingerprint pre wakeup scheduled,visible activity= ActivityRecord{90a3621 u0 com.ventacuba.highapp.venta_cuba/.MainActivity t1368}
09-23 06:25:42.503   940  1039 I UxUtility: notifyForegroundApp pack:com.ventacuba.highapp.venta_cuba, uid:10718
09-23 06:25:42.504   940   981 I mtkpower@impl: [notifyAppState] pc:1, com.transsion.XOSLauncher.upgrade => com.ventacuba.highapp.venta_cuba
09-23 06:25:42.514  1631  2235 I ActivityManager: Applaunch form com.transsion.XOSLauncher.upgrade to com.ventacuba.highapp.venta_cuba
09-23 06:25:42.516   954  1050 E BufferQueueDebug: [Splash Screen com.ventacuba.highapp.venta_cuba#0](this:0xb400007d9bf346a0,id:-1,api:0,p:-1,c:-1) id info cannot be read from 'Splash Screen com.ventacuba.highapp.venta_cuba#0'
09-23 06:25:42.516   954  1050 I BufferQueueDebug: [Splash Screen com.ventacuba.highapp.venta_cuba#0](this:0xb400007d9bf346a0,id:-1,api:0,p:-1,c:-1) BufferQueue core=(954:/system/bin/surfaceflinger)
09-23 06:25:42.523  1972  2051 I BLASTBufferQueue: [ViewRootImpl[venta_cuba]#1504] constructor()
09-23 06:25:42.525  1631  1661 D VideoCallEnhancerControlImpl: className is com.ventacuba.highapp.venta_cuba/com.ventacuba.highapp.venta_cuba.MainActivity
09-23 06:25:42.533  4684 17787 D SmartPanelService: recentPkgList: [com.ventacuba.highapp.venta_cuba, com.google.android.gms, com.google.android.permissioncontroller, com.android.settings, com.sh.smart.caller]
09-23 06:25:42.536  1972  2106 I BufferQueueProducer: [ViewRootImpl[venta_cuba]#1504(BLAST Consumer)1504](id:7b4000005e0,api:1,p:1972,c:1972) connect: api=1 producerControlledByApp=true
09-23 06:25:42.546  4684 17787 D Game_Utils: mode = 1 clsname = com.ventacuba.highapp.venta_cuba.MainActivity
09-23 06:25:42.552  4684 17787 D Game_Utils: isTheMainScreen, displayId: 0  classname = com.ventacuba.highapp.venta_cuba.MainActivity
09-23 06:25:42.560 27413 27413 D nativeloader: Configuring clns-4 for other apk /system/framework/org.apache.http.legacy.jar. target_sdk_version=35, uses_libraries=ALL, library_path=/data/app/~~jbZHL7yBJFzIvNJ2rrjgSg==/com.ventacuba.highapp.venta_cuba-EhgVEff8Ft5cWRhVResk6g==/lib/arm64:/data/app/~~jbZHL7yBJFzIvNJ2rrjgSg==/com.ventacuba.highapp.venta_cuba-EhgVEff8Ft5cWRhVResk6g==/base.apk!/lib/arm64-v8a, permitted_path=/data:/mnt/expand:/data/user/0/com.ventacuba.highapp.venta_cuba
09-23 06:25:42.585  1631  4017 I WindowManager:   isAnimating=false  okToAnimate=true  win=Window{fba6d43 u0 Splash Screen com.ventacuba.highapp.venta_cuba}
09-23 06:25:42.599  1972  2106 I BufferQueueProducer: [ViewRootImpl[venta_cuba]#1504(BLAST Consumer)1504](id:7b4000005e0,api:1,p:1972,c:1972) disconnect: api 1
09-23 06:25:42.605  4684 17787 D Game_Utils: isTheMainScreen, displayId: 0  classname = com.ventacuba.highapp.venta_cuba.MainActivity
09-23 06:25:42.606  4684 17787 D Game_Utils: getTopPackageNameNew pkm = com.ventacuba.highapp.venta_cuba
09-23 06:25:42.624  4684 17787 D Game_Utils: mode = 1 clsname = com.ventacuba.highapp.venta_cuba.MainActivity
09-23 06:25:42.630  1972  2106 I BufferQueueProducer: [ViewRootImpl[venta_cuba]#1504(BLAST Consumer)1504](id:7b4000005e0,api:1,p:1972,c:1972) connect: api=1 producerControlledByApp=true
09-23 06:25:42.630  4684 17787 D Game_Utils: isTheMainScreen, displayId: 0  classname = com.ventacuba.highapp.venta_cuba.MainActivity
09-23 06:25:42.644  4684 17787 D SmartPanelService: handlerActivityStart isResume = false  mPCIsResume = false  pkgName = com.ventacuba.highapp.venta_cuba
09-23 06:25:42.659  4684 17787 D Game_Utils: mode = 1 clsname = com.ventacuba.highapp.venta_cuba.MainActivity
09-23 06:25:42.664  4684 17787 D Game_Utils: isTheMainScreen, displayId: 0  classname = com.ventacuba.highapp.venta_cuba.MainActivity
09-23 06:25:42.664  4684 17787 D SmartPanelService: handlerVideoStart isResume = false  VIDEO_PACKAGE =   pkgName = com.ventacuba.highapp.venta_cuba
09-23 06:25:42.774  1631  1712 E VerityUtils: Failed to measure fs-verity, errno 1: /data/app/~~jbZHL7yBJFzIvNJ2rrjgSg==/com.ventacuba.highapp.venta_cuba-EhgVEff8Ft5cWRhVResk6g==/base.apk
09-23 06:25:43.031 27413 27413 D nativeloader: Configuring clns-5 for other apk /data/app/~~jbZHL7yBJFzIvNJ2rrjgSg==/com.ventacuba.highapp.venta_cuba-EhgVEff8Ft5cWRhVResk6g==/base.apk. target_sdk_version=35, uses_libraries=, library_path=/data/app/~~jbZHL7yBJFzIvNJ2rrjgSg==/com.ventacuba.highapp.venta_cuba-EhgVEff8Ft5cWRhVResk6g==/lib/arm64:/data/app/~~jbZHL7yBJFzIvNJ2rrjgSg==/com.ventacuba.highapp.venta_cuba-EhgVEff8Ft5cWRhVResk6g==/base.apk!/lib/arm64-v8a, permitted_path=/data:/mnt/expand:/data/user/0/com.ventacuba.highapp.venta_cuba
09-23 06:25:43.044 27413 27413 V GraphicsEnvironment: ANGLE Developer option for 'com.ventacuba.highapp.venta_cuba' set to: 'default'
09-23 06:25:43.104 27413 27454 D libMEOW : applied 1 plugins for [com.ventacuba.highapp.venta_cuba]:
09-23 06:25:43.110 27413 27413 D ActivityThread: ++ activityComponent:com.ventacuba.highapp.venta_cuba/com.ventacuba.highapp.venta_cuba.MainActivity counts:1 trigger:null
09-23 06:25:43.187  1631  4017 W BroadcastQueue: Background execution not allowed: receiving Intent { act=android.intent.action.PACKAGE_REPLACED dat=package:com.ventacuba.highapp.venta_cuba flg=0x4000010 (has extras) } to com.transsion.ossettingsext/.flash.applist.MonitorSysReceiver
09-23 06:25:43.190  1631  1672 W BroadcastQueue: Background execution not allowed: receiving Intent { act=android.intent.action.PACKAGE_REPLACED dat=package:com.ventacuba.highapp.venta_cuba flg=0x4000010 (has extras) } to com.google.android.apps.nbu.files/.documentbrowser.browselanding.rootcontainerlist.receiver.PackageChangeReceiver_Receiver
09-23 06:25:43.190  1631  1672 W BroadcastQueue: Background execution not allowed: receiving Intent { act=android.intent.action.PACKAGE_REPLACED dat=package:com.ventacuba.highapp.venta_cuba flg=0x4000010 (has extras) } to com.google.android.gms/.chimera.GmsIntentOperationService$PersistentTrustedReceiver
09-23 06:25:43.190  1631  1672 W BroadcastQueue: Background execution not allowed: receiving Intent { act=android.intent.action.PACKAGE_REPLACED dat=package:com.ventacuba.highapp.venta_cuba flg=0x4000010 (has extras) } to com.google.android.gms/.gass.chimera.PackageChangeBroadcastReceiver
09-23 06:25:43.190  1631  1672 W BroadcastQueue: Background execution not allowed: receiving Intent { act=android.intent.action.PACKAGE_REPLACED dat=package:com.ventacuba.highapp.venta_cuba flg=0x4000010 (has extras) } to com.talpa.share/com.transsion.autoinstalllibrary.silentInstall.InstallReceiver
09-23 06:25:43.220 27413 27461 D nativeloader: Load /data/app/~~jbZHL7yBJFzIvNJ2rrjgSg==/com.ventacuba.highapp.venta_cuba-EhgVEff8Ft5cWRhVResk6g==/base.apk!/lib/arm64-v8a/libflutter.so using class loader ns clns-5 (caller=/data/app/~~jbZHL7yBJFzIvNJ2rrjgSg==/com.ventacuba.highapp.venta_cuba-EhgVEff8Ft5cWRhVResk6g==/base.apk): ok
09-23 06:25:43.943 27413 27463 I ResourceExtractor: Extracted baseline resource assets/flutter_assets/kernel_blob.bin
09-23 06:25:43.945 27413 27463 I ResourceExtractor: Extracted baseline resource assets/flutter_assets/vm_snapshot_data
09-23 06:25:44.039 27413 27463 I ResourceExtractor: Extracted baseline resource assets/flutter_assets/isolate_snapshot_data
09-23 06:25:44.202 27413 27413 D vulkan  : searching for layers in '/data/app/~~jbZHL7yBJFzIvNJ2rrjgSg==/com.ventacuba.highapp.venta_cuba-EhgVEff8Ft5cWRhVResk6g==/lib/arm64'
09-23 06:25:44.203 27413 27413 D vulkan  : searching for layers in '/data/app/~~jbZHL7yBJFzIvNJ2rrjgSg==/com.ventacuba.highapp.venta_cuba-EhgVEff8Ft5cWRhVResk6g==/base.apk!/lib/arm64-v8a'
09-23 06:25:44.211 27413 27413 D vulkan  : added global layer 'VK_LAYER_KHRONOS_validation' from library '/data/app/~~jbZHL7yBJFzIvNJ2rrjgSg==/com.ventacuba.highapp.venta_cuba-EhgVEff8Ft5cWRhVResk6g==/base.apk!/lib/arm64-v8a/libVkLayer_khronos_validation.so'
09-23 06:25:44.357 27413 27413 W happ.venta_cuba: type=1400 audit(0.0:353658): avc: denied { read } for name="max_map_count" dev="proc" ino=24597732 scontext=u:r:untrusted_app:s0:c206,c258,c512,c768 tcontext=u:object_r:proc_max_map_count:s0 tclass=file permissive=0 app=com.ventacuba.highapp.venta_cuba
09-23 06:25:44.395 27413 27413 I flutter : [IMPORTANT:flutter/shell/platform/android/android_context_vk_impeller.cc(60)] Using the Impeller rendering backend (Vulkan).
09-23 06:25:44.601 27413 27543 I flutter : The Dart VM service is listening on http://127.0.0.1:44359/oXG-KwnwyD8=/
09-23 06:25:45.137 27413 27413 D com.llfbandit.app_links: Intent { act=android.intent.action.MAIN cat=[android.intent.category.LAUNCHER] flg=0x30000000 cmp=com.ventacuba.highapp.venta_cuba/.MainActivity (has extras) }
09-23 06:25:45.194   954  1050 I SurfaceFlinger: [SF client] NEW(0xb400007cabd12f10) for (27413:com.ventacuba.highapp.venta_cuba)
09-23 06:25:45.232 27413 27413 I happ.venta_cub: hiddenapi: Accessing hidden method Landroid/view/accessibility/AccessibilityNodeInfo;->getSourceNodeId()J (runtime_flags=0, domain=platform, api=unsupported,test-api) from Lio/flutter/view/AccessibilityViewEmbedder$ReflectionAccessors; (domain=app) using reflection: allowed
09-23 06:25:45.232 27413 27413 I happ.venta_cub: hiddenapi: Accessing hidden method Landroid/view/accessibility/AccessibilityRecord;->getSourceNodeId()J (runtime_flags=0, domain=platform, api=unsupported) from Lio/flutter/view/AccessibilityViewEmbedder$ReflectionAccessors; (domain=app) using reflection: allowed
09-23 06:25:45.232 27413 27413 I happ.venta_cub: hiddenapi: Accessing hidden field Landroid/view/accessibility/AccessibilityNodeInfo;->mChildNodeIds:Landroid/util/LongArray; (runtime_flags=0, domain=platform, api=unsupported) from Lio/flutter/view/AccessibilityViewEmbedder$ReflectionAccessors; (domain=app) using reflection: allowed
09-23 06:25:45.232 27413 27413 I happ.venta_cub: hiddenapi: Accessing hidden method Landroid/util/LongArray;->get(I)J (runtime_flags=0, domain=platform, api=unsupported) from Lio/flutter/view/AccessibilityViewEmbedder$ReflectionAccessors; (domain=app) using reflection: allowed
09-23 06:25:45.271   954  1050 I SurfaceFlinger: [SF client] NEW(0xb400007cabd01710) for (27413:com.ventacuba.highapp.venta_cuba)
09-23 06:25:45.286 27413 27413 D libMEOW : applied 1 plugins for [com.ventacuba.highapp.venta_cuba]:
09-23 06:25:45.291   954   954 I SurfaceFlinger: operator()(), mtkRenderCntDebug 82294, screenshot (Splash Screen com.ventacuba.highapp.venta_cuba#0)
09-23 06:25:45.310 27413 27413 I flutter : 🚀 === VENTA CUBA STARTUP - 1 ===
09-23 06:25:45.502 27413 27413 I flutter : 🚀 === VENTA CUBA STARTUP - 2 - Flutter binding initialized ===
09-23 06:25:45.502 27413 27413 I flutter : 🚀 === VENTA CUBA STARTUP - 3 - Background services initiated ===
09-23 06:25:45.528 27413 27413 I flutter : 🚀 === VENTA CUBA STARTUP - 4 - App started ===
09-23 06:25:45.707 27413 27413 I flutter : 🔥 MyApp initState - START
09-23 06:25:45.754 27413 27413 I flutter : 🔥 MyApp initState - ThemeController initialized
09-23 06:25:45.754 27413 27413 I flutter : 🔥 MyApp initState - Lifecycle observer added
09-23 06:25:45.754 27413 27413 I flutter : 🔥 MyApp initState - END
09-23 06:25:45.755 27413 27413 I flutter : 🔥 MyApp build - START
09-23 06:25:45.795 27413 27413 I flutter : 🔥 ScreenUtilInit builder - START
09-23 06:25:45.805 27413 27413 I flutter : 🔥 Obx builder - START
09-23 06:25:47.089 27413 27413 I flutter : 🌙 Theme loaded from prefs: Light
09-23 06:25:47.135 27413 27413 I flutter : 🔥 AuthController: Getting user details...
09-23 06:25:47.136 27413 27413 I flutter : ✅ SharedPreferences initialized quickly
09-23 06:25:47.286 27413 27413 I flutter : ✅ SharedPreferences initialized quickly
09-23 06:25:47.304 27413 27413 I flutter : ✅ SharedPreferences initialized successfully
09-23 06:25:47.304 27413 27413 I flutter : 🔥 AuthController onInit: tokenMain initialized as: 1597|okrtZLEgJ61A2n9lE8AeV5iFUbqv5gaBWml1Tbf312062606
09-23 06:25:47.305 27413 27413 I flutter : 🔥 AuthController: User data found, parsing...
09-23 06:25:47.306 27413 27413 I flutter : 🔥 AuthController: User data parsed successfully
09-23 06:25:47.311 27413 27413 I flutter : 🔥 AuthController: User object created: hamza2 sd
09-23 06:25:47.311 27413 27413 I flutter : 🔥 AuthController: Setting user online...
09-23 06:25:47.313 27413 27413 I flutter : 🔧 RLS context set for user: 489 (using permissive policies)
09-23 06:25:47.313 27413 27413 I flutter : ✅ RLS ready for user: 489
09-23 06:25:47.314 27413 27413 I flutter : 📊 Cache optimization complete. Size: 50MB, Files: 50
09-23 06:25:47.314 27413 27413 I flutter : 🖼️ Image cache optimized
09-23 06:25:47.315   954   954 I SurfaceFlinger: operator()(), mtkRenderCntDebug 82295, screenshot (Splash Screen com.ventacuba.highapp.venta_cuba#0)
09-23 06:25:47.317 27413 27413 I flutter : 🚀 PREMIUM Push Service initializing for user: 489
09-23 06:25:47.395 27413 27413 I flutter : supabase.supabase_flutter: INFO: ***** Supabase init completed ***** 
09-23 06:25:47.395 27413 27413 I flutter : ✅ Supabase initialized successfully
09-23 06:25:47.395 27413 27413 I flutter : ✅ Supabase initialized
09-23 06:25:47.489 27413 27413 I flutter : 🔥 Obx builder - START
09-23 06:25:48.218 27413 27413 I flutter : 🔥 Listings initState() called
09-23 06:25:48.314   954   954 I SurfaceFlinger: operator()(), mtkRenderCntDebug 82296, screenshot (Splash Screen com.ventacuba.highapp.venta_cuba#0)
09-23 06:25:49.323   954   954 I SurfaceFlinger: operator()(), mtkRenderCntDebug 82297, screenshot (Splash Screen com.ventacuba.highapp.venta_cuba#0)
09-23 06:25:49.814   954  1048 E BufferQueueDebug: [com.ventacuba.highapp.venta_cuba/com.ventacuba.highapp.venta_cuba.MainActivity#0](this:0xb400007d9bec55b0,id:-1,api:0,p:-1,c:-1) id info cannot be read from 'com.ventacuba.highapp.venta_cuba/com.ventacuba.highapp.venta_cuba.MainActivity#0'
09-23 06:25:49.814   954  1048 I BufferQueueDebug: [com.ventacuba.highapp.venta_cuba/com.ventacuba.highapp.venta_cuba.MainActivity#0](this:0xb400007d9bec55b0,id:-1,api:0,p:-1,c:-1) BufferQueue core=(954:/system/bin/surfaceflinger)
09-23 06:25:49.817  1631  3991 W WindowManager: Changing focus from null to Window{8ae185a u0 com.ventacuba.highapp.venta_cuba/com.ventacuba.highapp.venta_cuba.MainActivity} displayId=0 Callers=com.android.server.wm.RootWindowContainer.updateFocusedWindowLocked:482 com.android.server.wm.WindowManagerService.updateFocusedWindowLocked:6037 com.android.server.wm.WindowManagerService.relayoutWindow:2653 com.android.server.wm.Session.relayout:235 
09-23 06:25:49.817  1631  3991 D os.fingerprint: onUpdateFocusedApp oldPackageName:null oldComponent:null newPackageName:com.ventacuba.highapp.venta_cuba newComponent:ComponentInfo{com.ventacuba.highapp.venta_cuba/com.ventacuba.highapp.venta_cuba.MainActivity} mFm :android.hardware.fingerprint.FingerprintManager@fe2a335
09-23 06:25:49.819  1631  3991 I WindowManager: Relayout Window{8ae185a u0 com.ventacuba.highapp.venta_cuba/com.ventacuba.highapp.venta_cuba.MainActivity}: oldVis=4 newVis=0 focusMayChange = true requestedWidth = 720 requestedHeight = 1640 outFrames = ClientWindowFrames{frame=[0,0][720,1640] display=[0,0][720,1640] backdrop=[0,0][720,1640]} outSurfaceControl = Surface(name=com.ventacuba.highapp.venta_cuba/com.ventacuba.highapp.venta_cuba.MainActivity)/@0x17e4dfe
09-23 06:25:49.824   954   954 I SurfaceFlinger: operator()(), mtkRenderCntDebug 82298, screenshot (Splash Screen com.ventacuba.highapp.venta_cuba#0)
09-23 06:25:49.824 27413 27450 D libMEOW : applied 1 plugins for [com.ventacuba.highapp.venta_cuba]:
09-23 06:25:49.850   954  1050 E BufferQueueDebug: [SurfaceView[com.ventacuba.highapp.venta_cuba/com.ventacuba.highapp.venta_cuba.MainActivity](BLAST)#0](this:0xb400007d9bf6a850,id:-1,api:0,p:-1,c:-1) id info cannot be read from 'SurfaceView[com.ventacuba.highapp.venta_cuba/com.ventacuba.highapp.venta_cuba.MainActivity](BLAST)#0'
09-23 06:25:49.850   954  1050 I BufferQueueDebug: [SurfaceView[com.ventacuba.highapp.venta_cuba/com.ventacuba.highapp.venta_cuba.MainActivity](BLAST)#0](this:0xb400007d9bf6a850,id:-1,api:0,p:-1,c:-1) BufferQueue core=(954:/system/bin/surfaceflinger)
09-23 06:25:49.852 27413 27413 I BLASTBufferQueue: [SurfaceView[com.ventacuba.highapp.venta_cuba/com.ventacuba.highapp.venta_cuba.MainActivity]#1] constructor()
09-23 06:25:49.853 27413 27514 I BufferQueueProducer: [SurfaceView[com.ventacuba.highapp.venta_cuba/com.ventacuba.highapp.venta_cuba.MainActivity]#1(BLAST Consumer)1](id:6b1500000001,api:1,p:27413,c:27413) connect: api=1 producerControlledByApp=true
09-23 06:25:49.855 27413 27514 I BufferQueueProducer: [SurfaceView[com.ventacuba.highapp.venta_cuba/com.ventacuba.highapp.venta_cuba.MainActivity]#1(BLAST Consumer)1](id:6b1500000001,api:1,p:27413,c:27413) disconnect: api 1
09-23 06:25:49.855 27413 27514 I BufferQueueProducer: [SurfaceView[com.ventacuba.highapp.venta_cuba/com.ventacuba.highapp.venta_cuba.MainActivity]#1(BLAST Consumer)1](id:6b1500000001,api:1,p:27413,c:27413) connect: api=1 producerControlledByApp=true
09-23 06:25:49.975 27413 27413 I flutter : 🔥 ScreenUtilInit builder - START
09-23 06:25:49.976 27413 27413 I flutter : 🔥 Obx builder - START
09-23 06:25:50.527   954   954 I SurfaceFlinger: operator()(), mtkRenderCntDebug 82299, screenshot (Splash Screen com.ventacuba.highapp.venta_cuba#0)
09-23 06:25:50.974 27413 27413 I flutter : 🔔 Premium notification manager initialized
09-23 06:25:50.974 27413 27413 I flutter : ✅ Premium features initialized successfully
09-23 06:25:50.974 27413 27413 I flutter : ✅ Background services initialized
09-23 06:25:50.982   954   954 I SurfaceFlinger: operator()(), mtkRenderCntDebug 82300, screenshot (Splash Screen com.ventacuba.highapp.venta_cuba#0)
09-23 06:25:51.132  1631  1658 I ActivityTaskManager: Displayed com.ventacuba.highapp.venta_cuba/.MainActivity: +8s945ms
09-23 06:25:51.133  1631  1658 I ActivityTaskManager: Fully drawn com.ventacuba.highapp.venta_cuba/.MainActivity: +8s945ms
09-23 06:25:51.134  4684 17787 I SmartPanel_SmartPanelService: onWindowsDrawn pkgName: com.ventacuba.highapp.venta_cuba, className: com.ventacuba.highapp.venta_cuba.MainActivity launchState=1 windowsDrawnDelayMs =8945
09-23 06:25:51.150  4684 17787 D Game_Utils: isTheMainScreen, displayId: 0  classname = com.ventacuba.highapp.venta_cuba.MainActivity
09-23 06:25:51.150  4684 17787 D Game_Utils: getTopPackageNameNew pkm = com.ventacuba.highapp.venta_cuba
09-23 06:25:51.159   954   954 I BufferQueueProducer: [Splash Screen com.ventacuba.highapp.venta_cuba#0](this:0xb400007d9bf346a0,id:-1,api:0,p:-1,c:954) queueBuffer: fps=0.23 dur=8592.64 max=8507.63 min=85.01
09-23 06:25:51.167  1631  3991 I input_debug: package: com.ventacuba.highapp.venta_cuba isPassWordInput: false inputType: 0 mMethodMap: true isKeyguardShowing: false enable: 0 isSplitScreen: false
09-23 06:25:51.182  3264  3264 I GoogleInputMethodService: GoogleInputMethodService.onStartInput():1318 onStartInput(EditorInfo{EditorInfo{packageName=com.ventacuba.highapp.venta_cuba, inputType=0, inputTypeString=NULL, enableLearning=false, autoCorrection=false, autoComplete=false, imeOptions=0, privateImeOptions=null, actionName=UNSPECIFIED, actionLabel=null, initialSelStart=-1, initialSelEnd=-1, initialCapsMode=0, label=null, fieldId=-1, fieldName=null, extras=null, hintText=null, hintLocales=[]}}, false)
09-23 06:25:51.210  1631  1671 D os.notification.SuspendJobManager: create job  com.transsion.util.SuspendJobManager$JobInfo@53df45b key:NotificationRecord(0x0cfb976a: pkg=com.ventacuba.highapp.venta_cuba user=UserHandle{0} id=0 tag=null importance=2 key=0|com.ventacuba.highapp.venta_cuba|0|null|10718: Notification(channel=venta_cuba_service shortcut=null contentView=null vibrate=null sound=null defaults=0x0 flags=0xa color=0x00000000 vis=PRIVATE)) data:com.android.server.notification.NotificationManagerService$$ExternalSyntheticLambda9@536f4f8 sn:-1 owner:{}
09-23 06:25:51.210  3396  3440 D os.notification: onNotifyNotification StatusBarNotification:StatusBarNotification(pkg=com.ventacuba.highapp.venta_cuba user=UserHandle{0} id=0 tag=null key=0|com.ventacuba.highapp.venta_cuba|0|null|10718: Notification(channel=null shortcut=null contentView=null vibrate=null sound=null defaults=0x0 flags=0xa color=0x00000000 vis=PRIVATE)) callingUid:10718 NotificationChannel:NotificationChannel{mId='venta_cuba_service', mName=Background Service, mDescription=hasDescription , mImportance=2, mBypassDnd=false, mLockscreenVisibility=-1000, mSound=null, mLights=false, mLightColor=0, mVibration=null, mUserLockedFields=0, mFgServiceShown=false, mVibrationEnabled=false, mShowBadge=true, mDeleted=false, mDeletedTimeMs=-1, mGroup='null', mAudioAttributes=null, mBlockableSystem=false, mAllowBubbles=-1, mImportanceLockedByOEM=false, mImportanceLockedDefaultApp=false, mOriginalImp=2, mParent=null, mConversationId=null, mDemoted=false, mImportantConvo=false} receipt:com.transsion.app.IEnqueueNotificationReceipt$Stub$Proxy@1b30b1f sn:4094
09-23 06:25:51.212  3396  3440 D os_noti_center_rule: match = false, sendPkg = com.ventacuba.highapp.venta_cuba, dbChannel = null, chName = Background Service, chId = venta_cuba_service
09-23 06:25:51.218  1631  4017 D os.notification: onEnqueueNotificationInternal StatusBarNotification:StatusBarNotification(pkg=com.ventacuba.highapp.venta_cuba user=UserHandle{0} id=0 tag=null key=0|com.ventacuba.highapp.venta_cuba|0|null|10718: Notification(channel=venta_cuba_service shortcut=null contentView=null vibrate=null sound=null defaults=0x0 flags=0xa color=0x00000000 vis=PRIVATE)) callingUid:10718 sn:4094 res:true
09-23 06:25:51.219  1631  1671 D os.notification.SuspendJobManager: done  com.transsion.util.SuspendJobManager$JobInfo@53df45b key:NotificationRecord(0x0cfb976a: pkg=com.ventacuba.highapp.venta_cuba user=UserHandle{0} id=0 tag=null importance=2 key=0|com.ventacuba.highapp.venta_cuba|0|null|10718: Notification(channel=venta_cuba_service shortcut=null contentView=null vibrate=null sound=null defaults=0x0 flags=0xa color=0x00000000 vis=PRIVATE)) data:com.android.server.notification.NotificationManagerService$$ExternalSyntheticLambda9@536f4f8 sn:4094 owner:{3396} for  app-3396-request
09-23 06:25:51.223 27413 27413 I flutter : 🔌 Connecting to premium WebSocket: wss://ntfy.sh/venta_cuba_user_489/ws
09-23 06:25:51.228 27413 27413 I flutter : ✅ Premium WebSocket connected
09-23 06:25:51.280  1631  4017 D ConnectivityService: requestNetwork for uid/pid:10718/27413 activeRequest: null callbackRequest: 12592 [NetworkRequest [ REQUEST id=12593, [ Capabilities: INTERNET&NOT_RESTRICTED&TRUSTED&NOT_VCN_MANAGED Uid: 10718 RequestorUid: 10718 RequestorPkg: com.ventacuba.highapp.venta_cuba UnderlyingNetworks: Null] ]] callback flags: 0 order: 2147483647 isUidTracked: false declaredMethods: AVAIL|LOST
09-23 06:25:51.284  1631  1807 D WifiNetworkFactory: got request NetworkRequest [ REQUEST id=12593, [ Capabilities: INTERNET&NOT_RESTRICTED&TRUSTED&NOT_VCN_MANAGED Uid: 10718 RequestorUid: 10718 RequestorPkg: com.ventacuba.highapp.venta_cuba UnderlyingNetworks: Null] ]
09-23 06:25:51.284  1631  1807 D UntrustedWifiNetworkFactory: got request NetworkRequest [ REQUEST id=12593, [ Capabilities: INTERNET&NOT_RESTRICTED&TRUSTED&NOT_VCN_MANAGED Uid: 10718 RequestorUid: 10718 RequestorPkg: com.ventacuba.highapp.venta_cuba UnderlyingNetworks: Null] ]
09-23 06:25:51.285  1631  1807 D OemPaidWifiNetworkFactory: got request NetworkRequest [ REQUEST id=12593, [ Capabilities: INTERNET&NOT_RESTRICTED&TRUSTED&NOT_VCN_MANAGED Uid: 10718 RequestorUid: 10718 RequestorPkg: com.ventacuba.highapp.venta_cuba UnderlyingNetworks: Null] ]
09-23 06:25:51.296  1631  4017 I ActivityTaskManager: fingerprint pre wakeup scheduled,visible activity= ActivityRecord{90a3621 u0 com.ventacuba.highapp.venta_cuba/.MainActivity t1368}
09-23 06:25:51.297  1631  4017 I PowerHalWrapper: amsBoostNotify pid:2239,activity:com.android.quickstep.recents_ui_overrides.src.com.android.launcher3.uioverrides.QuickstepLauncher, package:com.transsion.XOSLauncher.upgrade, mProcessCreatePackcom.ventacuba.highapp.venta_cuba 
09-23 06:25:51.316  4684 17787 D Game_Utils: isTheMainScreen, displayId: 0  classname = com.ventacuba.highapp.venta_cuba.MainActivity
09-23 06:25:51.316  4684 17787 D Game_Utils: getTopPackageNameNew pkm = com.ventacuba.highapp.venta_cuba
09-23 06:25:51.324  4684 17787 D Game_Utils: isTheMainScreen, displayId: 0  classname = com.ventacuba.highapp.venta_cuba.MainActivity
09-23 06:25:51.324  4684 17787 D Game_Utils: getTopClassNameNew className = com.ventacuba.highapp.venta_cuba.MainActivity
09-23 06:25:51.328  4684 17787 I SmartPanel_SmartPanelService: ASP topPkg: com.ventacuba.highapp.venta_cuba  topClass = com.ventacuba.highapp.venta_cuba.MainActivity isSplitScreenfalse
09-23 06:25:51.329   940  1039 I libPowerHal: [perfNotifyAppState] pack:com.ventacuba.highapp.venta_cuba, act:com.ventacuba.highapp.venta_cuba.MainActivity, state:5, pid:27413, uid:10718, fps:60
09-23 06:25:51.331   940  1039 I UxUtility: notifyForegroundApp pack:com.ventacuba.highapp.venta_cuba, uid:10718
09-23 06:25:51.342  3396  3440 D TPMS    : getTopPackageName pkgName: com.ventacuba.highapp.venta_cuba
09-23 06:25:51.424  1972  1972 D NotificationListener: onNotificationPosted: StatusBarNotification(pkg=com.ventacuba.highapp.venta_cuba user=UserHandle{0} id=0 tag=null key=0|com.ventacuba.highapp.venta_cuba|0|null|10718: Notification(channel=venta_cuba_service shortcut=null contentView=null vibrate=null sound=null defaults=0x0 flags=0xa color=0x00000000 vis=PRIVATE))
09-23 06:25:51.430  1972  2106 I BufferQueueProducer: [ViewRootImpl[venta_cuba]#1504(BLAST Consumer)1504](id:7b4000005e0,api:1,p:1972,c:1972) disconnect: api 1
09-23 06:25:51.433  1972  1972 D InterruptionStateProvider: No bubble up: not allowed to bubble: 0|com.ventacuba.highapp.venta_cuba|0|null|10718
09-23 06:25:51.434  1972  1972 D InterruptionStateProvider: No heads up: unimportant notification: 0|com.ventacuba.highapp.venta_cuba|0|null|10718
09-23 06:25:51.434  1631  3985 I WindowManager:   isAnimating=false  okToAnimate=true  win=Window{fba6d43 u0 Splash Screen com.ventacuba.highapp.venta_cuba}
09-23 06:25:51.439   954   954 I SurfaceFlinger: operator()(), mtkRenderCntDebug 82301, screenshot (Background for SurfaceView[com.ventacuba.highapp.venta_cuba/com.ventacuba.highapp.venta_cuba.MainActivity]#0)
09-23 06:25:51.439   954   954 I SurfaceFlinger: operator()(), mtkRenderCntDebug 82301, screenshot (SurfaceView[com.ventacuba.highapp.venta_cuba/com.ventacuba.highapp.venta_cuba.MainActivity](BLAST)#0)
09-23 06:25:51.439   954   954 I SurfaceFlinger: operator()(), mtkRenderCntDebug 82301, screenshot (com.ventacuba.highapp.venta_cuba/com.ventacuba.highapp.venta_cuba.MainActivity#0)
09-23 06:25:51.439   954   954 I SurfaceFlinger: operator()(), mtkRenderCntDebug 82301, screenshot (Splash Screen com.ventacuba.highapp.venta_cuba#0)
09-23 06:25:51.442  1631  3985 I WindowManager:   onAnimationFinished on win=Window{8ae185a u0 com.ventacuba.highapp.venta_cuba/com.ventacuba.highapp.venta_cuba.MainActivity}
09-23 06:25:51.442  1631  3985 W InputManager-JNI: Input channel object 'fba6d43 Splash Screen com.ventacuba.highapp.venta_cuba (client)' was disposed without first being removed with the input manager!
09-23 06:25:51.444  1972  2055 D PeopleSpaceWidgetMgr: Sbn doesn't contain valid PeopleTileKey: null/0/com.ventacuba.highapp.venta_cuba
09-23 06:25:51.460  1972  2053 I BLASTBufferQueue: [ViewRootImpl[venta_cuba]#1504] destructor()
09-23 06:25:51.460  1972  2053 I BufferQueueConsumer: [ViewRootImpl[venta_cuba]#1504(BLAST Consumer)1504](id:7b4000005e0,api:0,p:-1,c:1972) disconnect
09-23 06:25:51.525 27413 27413 I flutter : {"status":true,"data":[{"id":1,"name":"Compra & Venta","icon":"https:\/\/ventacuba.co\/public\/storage\/category\/icon_20231221-052735.png","status":true},{"id":2,"name":"Carros & Bicicletas & Motocicletas","icon":"https:\/\/ventacuba.co\/public\/storage\/category\/icon_20231221-052807.png","status":true},{"id":3,"name":"Bienes Ra\u00edces","icon":"https:\/\/ventacuba.co\/public\/storage\/category\/icon_20231221-052829.png","status":true},{"id":4,"name":"Servicios","icon":"https:\/\/ventacuba.co\/public\/storage\/category\/icon_20231221-052848.png","status":true},{"id":5,"name":"Animales","icon":"https:\/\/ventacuba.co\/public\/storage\/category\/icon_20231221-052929.png","status":true},{"id":6,"name":"Alimentos","icon":"https:\/\/ventacuba.co\/public\/storage\/category\/icon_20231221-052955.png","status":true},{"id":8,"name":"Monedas","icon":"https:\/\/ventacuba.co\/public\/storage\/category\/icon_20250301-023017.jpg","status":false}]}
